// Jest Snapshot v1, https://goo.gl/fbAQLP

exports[`Testing the application using Jest App component renders correctly 1`] = `
<RCTSafeAreaView
  emulateUnlessSupported={true}
  style={
    Object {
      "backgroundColor": "#fff",
      "flex": 1,
    }
  }
>
  <View
    style={
      Object {
        "backgroundColor": "#fff",
        "flex": 3,
      }
    }
  >
    <Text
      style={
        Object {
          "backgroundColor": "#005eb8",
          "color": "#fff",
          "flex": 1,
          "fontSize": 35,
          "fontWeight": "bold",
          "paddingTop": 25,
          "textAlign": "center",
        }
      }
    >
      Alert Level
    </Text>
    <Text
      className="alertLevel"
      style={
        Object {
          "backgroundColor": "#005eb8",
          "color": "#fff",
          "flex": 2,
          "fontSize": 100,
          "fontWeight": "bold",
          "justifyContent": "center",
          "paddingVertical": 35,
          "textAlign": "center",
        }
      }
    >
      0
    </Text>
  </View>
  <View
    style={
      Object {
        "backgroundColor": "#fff",
        "flex": 1,
        "zIndex": 10,
      }
    }
  >
    <View
      accessibilityRole="button"
      accessibilityState={Object {}}
      accessible={true}
      focusable={true}
      onClick={[Function]}
      onResponderGrant={[Function]}
      onResponderMove={[Function]}
      onResponderRelease={[Function]}
      onResponderTerminate={[Function]}
      onResponderTerminationRequest={[Function]}
      onStartShouldSetResponder={[Function]}
      style={
        Object {
          "opacity": 1,
        }
      }
    >
      <View
        style={
          Array [
            Object {},
          ]
        }
      >
        <Text
          style={
            Array [
              Object {
                "color": "#007AFF",
                "fontSize": 18,
                "margin": 8,
                "textAlign": "center",
              },
            ]
          }
        >
          Use My Location
        </Text>
      </View>
    </View>
    <div>
      Mock
    </div>
  </View>
  <View
    style={
      Object {
        "backgroundColor": "#fff",
        "flex": 3,
        "paddingTop": null,
      }
    }
  >
    <Text
      style={
        Object {
          "color": "#000",
          "fontSize": 20,
          "fontWeight": "bold",
          "textAlign": "center",
        }
      }
    >
      Restrictions:
    </Text>
    <RCTScrollView>
      <View>
        <Text
          style={
            Object {
              "color": "#000",
              "fontSize": 15,
              "paddingHorizontal": 5,
              "paddingVertical": 5,
            }
          }
        >
          Overview:
        </Text>
        <Text
          style={
            Object {
              "color": "#000",
              "fontSize": 10,
              "paddingHorizontal": 5,
            }
          }
        >
          
        </Text>
        <Text
          style={
            Object {
              "color": "#000",
              "fontSize": 15,
              "paddingHorizontal": 5,
              "paddingVertical": 5,
            }
          }
        >
          Open:
        </Text>
        <Text
          style={
            Object {
              "color": "#000",
              "fontSize": 10,
              "paddingHorizontal": 5,
            }
          }
        >
          
        </Text>
        <Text
          style={
            Object {
              "color": "#000",
              "fontSize": 15,
              "paddingHorizontal": 5,
              "paddingVertical": 5,
            }
          }
        >
          Closed:
        </Text>
        <Text
          style={
            Object {
              "color": "#000",
              "fontSize": 10,
              "paddingHorizontal": 5,
            }
          }
        >
          
        </Text>
      </View>
    </RCTScrollView>
  </View>
</RCTSafeAreaView>
`;
